4.$ mkdir SI_2023_lab1_213089  $ cd SI_2023_lab1_213089 $ git init
5. $ git remote add origin https://github.com/bojanabojchovska/-SI_2023_lab1_213089.git
6. $ nano README.md    $ git add README.md    $ git commit -m "Initial commit"

7. $ nano SILab1.java

bojch@BOJ-BOJ-LT MINGW64 ~/SI_2023_lab1_213089 (master)
$ git status
On branch master
Untracked files:
  (use "git add <file>..." to include in what will be committed)
        SILab1.java

nothing added to commit but untracked files present (use "git add" to track)

bojch@BOJ-BOJ-LT MINGW64 ~/SI_2023_lab1_213089 (master)
$ git add SILab1.java
warning: in the working copy of 'SILab1.java', LF will be replaced by CRLF the next time Git touches it

bojch@BOJ-BOJ-LT MINGW64 ~/SI_2023_lab1_213089 (master)
$ git commit -m "Add java class"
[master 65faf69] Add java class
 1 file changed, 41 insertions(+)
 create mode 100644 SILab1.java


8. $ git push -u origin master  
9. $ git branch bug1 
$ git branch bug2 
$ git branch bug3
10. $ git checkout bug1


11. 
$ nano SILab1.java

bojch@BOJ-BOJ-LT MINGW64 ~/SI_2023_lab1_213089 (bug1)
$ git status
On branch bug1
Changes not staged for commit:
  (use "git add <file>..." to update what will be committed)
  (use "git restore <file>..." to discard changes in working directory)
        modified:   SILab1.java

no changes added to commit (use "git add" and/or "git commit -a")

bojch@BOJ-BOJ-LT MINGW64 ~/SI_2023_lab1_213089 (bug1)
$ git commit -a -m "Fix wrong loop for reading"
warning: in the working copy of 'SILab1.java', LF will be replaced by CRLF the next time Git touches it
[bug1 3874725] Fix wrong loop for reading
 1 file changed, 1 insertion(+), 1 deletion(-)

12. $ git checkout bug2
13. nano SILab1.java

bojch@BOJ-BOJ-LT MINGW64 ~/SI_2023_lab1_213089 (bug2)
$ git status
On branch bug2
Changes not staged for commit:
  (use "git add <file>..." to update what will be committed)
  (use "git restore <file>..." to discard changes in working directory)
        modified:   SILab1.java

no changes added to commit (use "git add" and/or "git commit -a")

bojch@BOJ-BOJ-LT MINGW64 ~/SI_2023_lab1_213089 (bug2)
$ git commit -a -m "Fix wrong condition in filterOddNumbers"
[bug2 df2c1bc] Fix wrong condition in filterOddNumbers
 1 file changed, 1 insertion(+), 1 deletion(-)

14. $ git checkout bug3
15. $ nano SILab1.java

bojch@BOJ-BOJ-LT MINGW64 ~/SI_2023_lab1_213089 (bug3)
$ git commit -a -m "Fix method sumEvenNumbers"
[bug3 054d4b9] Fix method sumEvenNumbers
 1 file changed, 2 insertions(+), 2 deletions(-)
 
16. $ git push -u origin master bug1 bug2 bug3
17. git checkout master
18. $ git merge bug1
Updating 65faf69..3874725
Fast-forward
 SILab1.java | 2 +-
 1 file changed, 1 insertion(+), 1 deletion(-)


19. $ git push -u origin master bug1 bug2 bug3

20. bojch@BOJ-BOJ-LT MINGW64 ~/SI_2023_lab1_213089 (master)
$ git merge bug2
Auto-merging SILab1.java
Merge made by the 'ort' strategy.
 SILab1.java | 2 +-
 1 file changed, 1 insertion(+), 1 deletion(-)

21. $ git push -u origin master bug1 bug2 bug3
22. git checkout bug3
23. $ git rebase master
Successfully rebased and updated refs/heads/bug3.

24. git checkout master
25. $ git merge bug3
Updating 40bfff7..220ea9d
Fast-forward
 SILab1.java | 4 ++--
 1 file changed, 2 insertions(+), 2 deletions(-)

26. $ git push -u origin master bug1 bug2 bug3

 ! [rejected]        bug3 -> bug3 (non-fast-forward)
 $ git push --force origin bug3
Total 0 (delta 0), reused 0 (delta 0), pack-reused 0
To https://github.com/bojanabojchovska/-SI_2023_lab1_213089.git
 + 054d4b9...220ea9d bug3 -> bug3 (forced update)



